
There are no discarded input sections

Memory Configuration

Name             Origin             Length             Attributes
*default*        0x0000000000000000 0xffffffffffffffff

Linker script and memory map

LOAD /tmp/ccSeCjPW.o
LOAD /tmp/ccS22F7U.o
LOAD /tmp/cckuaBzY.o
LOAD /tmp/cc4yDT6U.o
LOAD /tmp/ccfXZY0X.o
LOAD /tmp/ccIQX6DY.o
LOAD /opt/riscv-vector/lib/gcc/riscv64-unknown-elf/15.1.0/../../../../riscv64-unknown-elf/lib/libm.a
LOAD /opt/riscv-vector/lib/gcc/riscv64-unknown-elf/15.1.0/libgcc.a
                0x0000000080000000                . = 0x80000000

.text.init      0x0000000080000000      0x1ca
 *(.text.init)
 .text.init     0x0000000080000000      0x1ca /tmp/ccIQX6DY.o
                0x0000000080000000                _start
                0x0000000080001000                . = ALIGN (0x1000)

.tohost         0x0000000080001000       0x48
 *(.tohost)
 .tohost        0x0000000080001000       0x48 /tmp/ccIQX6DY.o
                0x0000000080001000                tohost
                0x0000000080001040                fromhost
                0x0000000080002000                . = ALIGN (0x1000)

.text           0x0000000080002000      0xde4
 *(.text)
 .text          0x0000000080002000       0x9a /tmp/ccSeCjPW.o
                0x0000000080002000                npu_proc
                0x000000008000204e                start_npu
 .text          0x000000008000209a      0x210 /tmp/ccS22F7U.o
                0x000000008000209a                as_uint
                0x00000000800020a2                as_float
                0x00000000800020a8                half_to_float
                0x0000000080002114                float_to_half
                0x0000000080002154                float_to_half_array
                0x00000000800021a4                half_to_float_array
                0x00000000800021de                half_add
                0x0000000080002200                half_sub
                0x0000000080002222                half_mul
                0x0000000080002244                half_div
                0x0000000080002266                half_min
                0x0000000080002288                half_max
 .text          0x00000000800022aa       0xde /tmp/cckuaBzY.o
                0x00000000800022aa                open
                0x00000000800022d4                close
                0x00000000800022f2                lseek
                0x0000000080002324                read
                0x0000000080002356                write
 .text          0x0000000080002388      0x92e /tmp/cc4yDT6U.o
                0x00000000800023f0                putchar
                0x0000000080002904                setStats
                0x000000008000293e                tohost_exit
                0x0000000080002950                handle_trap
                0x0000000080002960                exit
                0x0000000080002968                printstr
                0x0000000080002980                thread_entry
                0x0000000080002986                printhex
                0x00000000800029c6                printf
                0x00000000800029f8                sprintf
                0x0000000080002a38                memcpy
                0x0000000080002ae4                memset
                0x0000000080002b2a                _init
                0x0000000080002bbe                strlen
                0x0000000080002bd8                strnlen
                0x0000000080002bf8                strcmp
                0x0000000080002c14                strcpy
                0x0000000080002c26                atol
 .text          0x0000000080002cb6      0x12e /tmp/ccfXZY0X.o
                0x0000000080002cf0                malloc_stats
                0x0000000080002d32                malloc
                0x0000000080002d9a                free
                0x0000000080002dde                init_malloc
 .text          0x0000000080002de4        0x0 /tmp/ccIQX6DY.o

.text.startup   0x0000000080002de4       0x9a
 .text.startup  0x0000000080002de4       0x62 /tmp/ccSeCjPW.o
                0x0000000080002de4                main
 .text.startup  0x0000000080002e46       0x38 /tmp/cc4yDT6U.o

.text.unlikely  0x0000000080002e7e        0xe
 .text.unlikely
                0x0000000080002e7e        0xe /tmp/cc4yDT6U.o
                0x0000000080002e7e                abort

.data           0x0000000080002e90       0x10
 *(.data)
 .data          0x0000000080002e90       0x10 /tmp/ccSeCjPW.o
                0x0000000080002e90                g_busys
 .data          0x0000000080002ea0        0x0 /tmp/ccS22F7U.o
 .data          0x0000000080002ea0        0x0 /tmp/cckuaBzY.o
 .data          0x0000000080002ea0        0x0 /tmp/cc4yDT6U.o
 .data          0x0000000080002ea0        0x0 /tmp/ccfXZY0X.o
 .data          0x0000000080002ea0        0x0 /tmp/ccIQX6DY.o

.sdata          0x0000000080002ea0        0x8
                0x00000000800036a0                __global_pointer$ = (. + 0x800)
 *(.srodata.cst16)
 *(.srodata.cst8)
 *(.srodata.cst4)
 .srodata.cst4  0x0000000080002ea0        0x8 /tmp/cc4yDT6U.o
 *(.srodata.cst2)
 *(.srodata)
 *(.sdata .sdata* .gnu.linkonce.s.*)

.rodata.str1.8  0x0000000080002ea8      0x158
 .rodata.str1.8
                0x0000000080002ea8      0x158 /tmp/ccSeCjPW.o
                                         0x8f (size before relaxing)
 .rodata.str1.8
                0x0000000080003000       0x61 /tmp/cc4yDT6U.o
 .rodata.str1.8
                0x0000000080003000       0x60 /tmp/ccfXZY0X.o

.rodata         0x0000000080003000      0x158
 .rodata        0x0000000080003000      0x158 /tmp/cc4yDT6U.o

.rela.dyn       0x0000000080003158        0x0
 .rela.text     0x0000000080003158        0x0 /tmp/ccSeCjPW.o
 .rela.text.init
                0x0000000080003158        0x0 /tmp/ccSeCjPW.o

.sbss           0x0000000080003158       0x10
 *(.sbss .sbss.* .gnu.linkonce.sb.*)
 .sbss          0x0000000080003158        0x4 /tmp/cc4yDT6U.o
                0x0000000080003158                syscall_lock
 *fill*         0x000000008000315c        0x4 
 .sbss          0x0000000080003160        0x8 /tmp/ccfXZY0X.o
 *(.scommon)

.bss            0x0000000080003168       0x20
 *(.bss)
 .bss           0x0000000080003168        0x0 /tmp/ccSeCjPW.o
 .bss           0x0000000080003168        0x0 /tmp/ccS22F7U.o
 .bss           0x0000000080003168        0x0 /tmp/cckuaBzY.o
 .bss           0x0000000080003168       0x20 /tmp/cc4yDT6U.o
 .bss           0x0000000080003188        0x0 /tmp/ccfXZY0X.o
 .bss           0x0000000080003188        0x0 /tmp/ccIQX6DY.o

.tdata          0x0000000080003188        0x0
                0x0000000080003188                _tdata_begin = .
 *(.tdata)
                0x0000000080003188                _tdata_end = .

.tbss           0x00000000800031c0       0x44
 *(.tbss)
 .tbss          0x00000000800031c0       0x44 /tmp/cc4yDT6U.o
                0x0000000080003204                _tbss_end = .
                0x00000000800031c0                _end = .
OUTPUT(dispatch.riscv elf64-littleriscv)

.comment        0x0000000000000000       0x1b
 .comment       0x0000000000000000       0x1b /tmp/ccSeCjPW.o
                                         0x1c (size before relaxing)
 .comment       0x000000000000001b       0x1c /tmp/ccS22F7U.o
 .comment       0x000000000000001b       0x1c /tmp/cckuaBzY.o
 .comment       0x000000000000001b       0x1c /tmp/cc4yDT6U.o
 .comment       0x000000000000001b       0x1c /tmp/ccfXZY0X.o

.note.GNU-stack
                0x0000000000000000        0x0
 .note.GNU-stack
                0x0000000000000000        0x0 /tmp/ccSeCjPW.o
 .note.GNU-stack
                0x0000000000000000        0x0 /tmp/ccS22F7U.o
 .note.GNU-stack
                0x0000000000000000        0x0 /tmp/cckuaBzY.o
 .note.GNU-stack
                0x0000000000000000        0x0 /tmp/cc4yDT6U.o
 .note.GNU-stack
                0x0000000000000000        0x0 /tmp/ccfXZY0X.o

.riscv.attributes
                0x0000000000000000       0x6c
 .riscv.attributes
                0x0000000000000000       0x6c /tmp/ccSeCjPW.o
 .riscv.attributes
                0x000000000000006c       0x68 /tmp/ccS22F7U.o
 .riscv.attributes
                0x00000000000000d4       0x68 /tmp/cckuaBzY.o
 .riscv.attributes
                0x000000000000013c       0x6c /tmp/cc4yDT6U.o
 .riscv.attributes
                0x00000000000001a8       0x68 /tmp/ccfXZY0X.o
 .riscv.attributes
                0x0000000000000210       0x6a /tmp/ccIQX6DY.o
